Archive member included to satisfy reference by file (symbol)

/usr/bin/../lib/gcc/arm-none-eabi/5.4.1/../../../../arm-none-eabi/lib/libc.a(lib_a-errno.o)
                              /home/talha/STM32F429_FreeRTOS/build/_syscalls.o (__errno)
/usr/bin/../lib/gcc/arm-none-eabi/5.4.1/../../../../arm-none-eabi/lib/libc.a(lib_a-impure.o)
                              /usr/bin/../lib/gcc/arm-none-eabi/5.4.1/../../../../arm-none-eabi/lib/libc.a(lib_a-errno.o) (_impure_ptr)

Allocating common symbols
Common symbol       size              file

synced              0x1               /home/talha/STM32F429_FreeRTOS/build/main.o
errno               0x4               /home/talha/STM32F429_FreeRTOS/build/_syscalls.o
reset               0x1               /home/talha/STM32F429_FreeRTOS/build/main.o
ticksms             0x4               /home/talha/STM32F429_FreeRTOS/build/main.o
write_length        0x4               /home/talha/STM32F429_FreeRTOS/build/main.o
xQueueRegistry      0x40              /home/talha/STM32F429_FreeRTOS/build/queue.o
parse_iter          0x4               /home/talha/STM32F429_FreeRTOS/build/main.o
GPIOG_Init          0x8               /home/talha/STM32F429_FreeRTOS/build/main.o
writes              0x4               /home/talha/STM32F429_FreeRTOS/build/main.o
sync                0x1               /home/talha/STM32F429_FreeRTOS/build/main.o
reads               0x4               /home/talha/STM32F429_FreeRTOS/build/main.o
parsebuffer         0x80              /home/talha/STM32F429_FreeRTOS/build/main.o
ticksled            0x4               /home/talha/STM32F429_FreeRTOS/build/main.o
aRxBuffer           0x40              /home/talha/STM32F429_FreeRTOS/build/main.o
parse               0x4               /home/talha/STM32F429_FreeRTOS/build/main.o

Discarded input sections

 .text          0x0000000000000000        0x0 /home/talha/STM32F429_FreeRTOS/build/main.o
 .data          0x0000000000000000        0x0 /home/talha/STM32F429_FreeRTOS/build/main.o
 .bss           0x0000000000000000        0x0 /home/talha/STM32F429_FreeRTOS/build/main.o
 .text.randominit
                0x0000000000000000       0x78 /home/talha/STM32F429_FreeRTOS/build/main.o
 .text.str_len  0x0000000000000000       0x2c /home/talha/STM32F429_FreeRTOS/build/main.o
 .text          0x0000000000000000        0x0 /home/talha/STM32F429_FreeRTOS/build/stm32_hw.o
 .data          0x0000000000000000        0x0 /home/talha/STM32F429_FreeRTOS/build/stm32_hw.o
 .bss           0x0000000000000000        0x0 /home/talha/STM32F429_FreeRTOS/build/stm32_hw.o
 .text          0x0000000000000000        0x0 /home/talha/STM32F429_FreeRTOS/build/system_stm32f4xx.o
 .data          0x0000000000000000        0x0 /home/talha/STM32F429_FreeRTOS/build/system_stm32f4xx.o
 .bss           0x0000000000000000        0x0 /home/talha/STM32F429_FreeRTOS/build/system_stm32f4xx.o
 .data.AHBPrescTable
                0x0000000000000000       0x10 /home/talha/STM32F429_FreeRTOS/build/system_stm32f4xx.o
 .text.SystemCoreClockUpdate
                0x0000000000000000       0xfc /home/talha/STM32F429_FreeRTOS/build/system_stm32f4xx.o
 .text          0x0000000000000000        0x0 /home/talha/STM32F429_FreeRTOS/build/stm32f4xx_it.o
 .data          0x0000000000000000        0x0 /home/talha/STM32F429_FreeRTOS/build/stm32f4xx_it.o
 .bss           0x0000000000000000        0x0 /home/talha/STM32F429_FreeRTOS/build/stm32f4xx_it.o
 .text          0x0000000000000000        0x0 /home/talha/STM32F429_FreeRTOS/build/_syscalls.o
 .data          0x0000000000000000        0x0 /home/talha/STM32F429_FreeRTOS/build/_syscalls.o
 .bss           0x0000000000000000        0x0 /home/talha/STM32F429_FreeRTOS/build/_syscalls.o
 .bss.__dso_handle
                0x0000000000000000        0x4 /home/talha/STM32F429_FreeRTOS/build/_syscalls.o
 .text.__initialize_args
                0x0000000000000000       0x28 /home/talha/STM32F429_FreeRTOS/build/_syscalls.o
 .text.raise    0x0000000000000000       0x20 /home/talha/STM32F429_FreeRTOS/build/_syscalls.o
 .text.kill     0x0000000000000000       0x20 /home/talha/STM32F429_FreeRTOS/build/_syscalls.o
 .bss.__env     0x0000000000000000        0x4 /home/talha/STM32F429_FreeRTOS/build/_syscalls.o
 .data.environ  0x0000000000000000        0x4 /home/talha/STM32F429_FreeRTOS/build/_syscalls.o
 .text._chown   0x0000000000000000       0x28 /home/talha/STM32F429_FreeRTOS/build/_syscalls.o
 .text._close   0x0000000000000000       0x20 /home/talha/STM32F429_FreeRTOS/build/_syscalls.o
 .text._execve  0x0000000000000000       0x24 /home/talha/STM32F429_FreeRTOS/build/_syscalls.o
 .text._fork    0x0000000000000000       0x18 /home/talha/STM32F429_FreeRTOS/build/_syscalls.o
 .text._fstat   0x0000000000000000       0x20 /home/talha/STM32F429_FreeRTOS/build/_syscalls.o
 .text._getpid  0x0000000000000000       0x18 /home/talha/STM32F429_FreeRTOS/build/_syscalls.o
 .text._gettimeofday
                0x0000000000000000       0x20 /home/talha/STM32F429_FreeRTOS/build/_syscalls.o
[...]
Memory Configuration

Name             Origin             Length             Attributes
RAM              0x0000000020000000 0x0000000000030000 xrw
CCMRAM           0x0000000010000000 0x0000000000010000 xrw
FLASH            0x0000000008000000 0x0000000000100000 xr
FLASHB1          0x0000000000000000 0x0000000000000000 xr
EXTMEMB0         0x0000000000000000 0x0000000000000000 xr
EXTMEMB1         0x0000000000000000 0x0000000000000000 xr
EXTMEMB2         0x0000000000000000 0x0000000000000000 xr
EXTMEMB3         0x0000000000000000 0x0000000000000000 xr
MEMORY_ARRAY     0x0000000020002000 0x0000000000000020 xrw
*default*        0x0000000000000000 0xffffffffffffffff

Linker script and memory map

LOAD /home/talha/STM32F429_FreeRTOS/build/main.o
LOAD /home/talha/STM32F429_FreeRTOS/build/stm32_hw.o
LOAD /home/talha/STM32F429_FreeRTOS/build/system_stm32f4xx.o
LOAD /home/talha/STM32F429_FreeRTOS/build/stm32f4xx_it.o
LOAD /home/talha/STM32F429_FreeRTOS/build/_syscalls.o
LOAD /home/talha/STM32F429_FreeRTOS/build/port.o
LOAD /home/talha/STM32F429_FreeRTOS/build/list.o
LOAD /home/talha/STM32F429_FreeRTOS/build/queue.o
LOAD /home/talha/STM32F429_FreeRTOS/build/tasks.o
LOAD /home/talha/STM32F429_FreeRTOS/build/event_groups.o
LOAD /home/talha/STM32F429_FreeRTOS/build/timers.o
LOAD /home/talha/STM32F429_FreeRTOS/build/heap_4.o
LOAD /home/talha/STM32F429_FreeRTOS/build/misc.o
LOAD /home/talha/STM32F429_FreeRTOS/build/stm32f4xx_dcmi.o
LOAD /home/talha/STM32F429_FreeRTOS/build/stm32f4xx_rtc.o
LOAD /home/talha/STM32F429_FreeRTOS/build/stm32f4xx_adc.o
LOAD /home/talha/STM32F429_FreeRTOS/build/stm32f4xx_dma.o
LOAD /home/talha/STM32F429_FreeRTOS/build/stm32f4xx_sai.o
LOAD /home/talha/STM32F429_FreeRTOS/build/stm32f4xx_can.o
LOAD /home/talha/STM32F429_FreeRTOS/build/stm32f4xx_dma2d.o
LOAD /home/talha/STM32F429_FreeRTOS/build/stm32f4xx_sdio.o
LOAD /home/talha/STM32F429_FreeRTOS/build/stm32f4xx_i2c.o
LOAD /home/talha/STM32F429_FreeRTOS/build/stm32f4xx_crc.o
LOAD /home/talha/STM32F429_FreeRTOS/build/stm32f4xx_exti.o
LOAD /home/talha/STM32F429_FreeRTOS/build/stm32f4xx_iwdg.o
LOAD /home/talha/STM32F429_FreeRTOS/build/stm32f4xx_spi.o
LOAD /home/talha/STM32F429_FreeRTOS/build/stm32f4xx_flash.o
LOAD /home/talha/STM32F429_FreeRTOS/build/stm32f4xx_syscfg.o
LOAD /home/talha/STM32F429_FreeRTOS/build/stm32f4xx_ltdc.o
LOAD /home/talha/STM32F429_FreeRTOS/build/stm32f4xx_tim.o
LOAD /home/talha/STM32F429_FreeRTOS/build/stm32f4xx_pwr.o
LOAD /home/talha/STM32F429_FreeRTOS/build/stm32f4xx_usart.o
LOAD /home/talha/STM32F429_FreeRTOS/build/stm32f4xx_wwdg.o
LOAD /home/talha/STM32F429_FreeRTOS/build/stm32f4xx_dac.o
LOAD /home/talha/STM32F429_FreeRTOS/build/stm32f4xx_fmc.o
LOAD /home/talha/STM32F429_FreeRTOS/build/stm32f4xx_rcc.o
LOAD /home/talha/STM32F429_FreeRTOS/build/stm32f4xx_dbgmcu.o
LOAD /home/talha/STM32F429_FreeRTOS/build/stm32f4xx_gpio.o
LOAD /home/talha/STM32F429_FreeRTOS/build/stm32f4xx_rng.o
LOAD /home/talha/STM32F429_FreeRTOS/build/startup_stm32f429xx.o
LOAD /usr/bin/../lib/gcc/arm-none-eabi/5.4.1/../../../../arm-none-eabi/lib/libm.a
LOAD /usr/bin/../lib/gcc/arm-none-eabi/5.4.1/../../../../arm-none-eabi/lib/libc.a
LOAD /usr/bin/../lib/gcc/arm-none-eabi/5.4.1/libgcc.a
LOAD /usr/bin/../lib/gcc/arm-none-eabi/5.4.1/../../../../arm-none-eabi/lib/libnosys.a
LOAD /usr/bin/../lib/gcc/arm-none-eabi/5.4.1/../../../../arm-none-eabi/lib/librdimon.a
START GROUP
LOAD /usr/bin/../lib/gcc/arm-none-eabi/5.4.1/libgcc.a
LOAD /usr/bin/../lib/gcc/arm-none-eabi/5.4.1/../../../../arm-none-eabi/lib/libc.a
END GROUP
                0x0000000020030000                __stack = (ORIGIN (RAM) + LENGTH (RAM))
                0x0000000020030000                _estack = __stack
                0x0000000000000400                __Main_Stack_Size = 0x400
                [!provide]                        PROVIDE (_Main_Stack_Size, __Main_Stack_Size)
                0x000000002002fc00                __Main_Stack_Limit = (__stack - __Main_Stack_Size)
                [!provide]                        PROVIDE (_Main_Stack_Limit, __Main_Stack_Limit)
                0x0000000000000100                _Minimum_Stack_Size = 0x100
                [!provide]                        PROVIDE (_Heap_Begin, _end_noinit)
                [!provide]                        PROVIDE (_Heap_Limit, (__stack - __Main_Stack_Size))

.isr_vector     0x0000000008000000      0x1ac
 FILL mask 0xff
                0x0000000008000000                __vectors_start = ABSOLUTE (.)
                0x0000000008000000                __vectors_start__ = ABSOLUTE (.)
 *(.isr_vector)
 .isr_vector    0x0000000008000000      0x1ac /home/talha/STM32F429_FreeRTOS/build/startup_stm32f429xx.o
                0x0000000008000000                g_pfnVectors
 *(.cfmconfig)
 *(.after_vectors .after_vectors.*)

.inits          0x00000000080001ac       0x28
                0x00000000080001ac                __data_regions_array_start = .
                0x00000000080001ac        0x4 LONG 0x8003e38 LOADADDR (.data)
                0x00000000080001b0        0x4 LONG 0x20000000 ADDR (.data)
                0x00000000080001b4        0x4 LONG 0x20000018 (ADDR (.data) + SIZEOF (.data))
                0x00000000080001b8        0x4 LONG 0x8003e38 LOADADDR (.data_CCMRAM)
                0x00000000080001bc        0x4 LONG 0x10000000 ADDR (.data_CCMRAM)
                0x00000000080001c0        0x4 LONG 0x10000000 (ADDR (.data_CCMRAM) + SIZEOF (.data_CCMRAM))
                0x00000000080001c4                __data_regions_array_end = .
                0x00000000080001c4                __bss_regions_array_start = .
                0x00000000080001c4        0x4 LONG 0x20000018 ADDR (.bss)
                0x00000000080001c8        0x4 LONG 0x20012ea4 (ADDR (.bss) + SIZEOF (.bss))
                0x00000000080001cc        0x4 LONG 0x10000000 ADDR (.bss_CCMRAM)
                0x00000000080001d0        0x4 LONG 0x10000000 (ADDR (.bss_CCMRAM) + SIZEOF (.bss_CCMRAM))
                0x00000000080001d4                __bss_regions_array_end = .
 *(.init)
 *(.fini)
                0x00000000080001d4                . = ALIGN (0x4)
                [!provide]                        PROVIDE (__preinit_array_start, .)
 *(.preinit_array_sysinit .preinit_array_sysinit.*)
 *(.preinit_array_platform .preinit_array_platform.*)
 *(.preinit_array .preinit_array.*)
                [!provide]                        PROVIDE (__preinit_array_end, .)
                0x00000000080001d4                . = ALIGN (0x4)
                [!provide]                        PROVIDE (__init_array_start, .)
 *(SORT(.init_array.*))
 *(.init_array)
                [!provide]                        PROVIDE (__init_array_end, .)
                0x00000000080001d4                . = ALIGN (0x4)
                [!provide]                        PROVIDE (__fini_array_start, .)
 *(SORT(.fini_array.*))
 *(.fini_array)
                [!provide]                        PROVIDE (__fini_array_end, .)

.flashtext
 *(.flashtext .flashtext.*)

.text           0x00000000080001e0     0x3c55
 *(.text .text.*)
 .text.memcpy   0x00000000080001e0       0x40 /home/talha/STM32F429_FreeRTOS/build/main.o
                0x00000000080001e0                memcpy
 .text.Putc_ax2550
                0x0000000008000220       0x44 /home/talha/STM32F429_FreeRTOS/build/main.o
 .text.Putc_term
                0x0000000008000264       0x44 /home/talha/STM32F429_FreeRTOS/build/main.o
 .text.Puts_term
                0x00000000080002a8       0x2c /home/talha/STM32F429_FreeRTOS/build/main.o
 .text.USART3_IRQHandler
                0x00000000080002d4       0x44 /home/talha/STM32F429_FreeRTOS/build/main.o
                0x00000000080002d4                USART3_IRQHandler
 .text.USART6_IRQHandler
                0x0000000008000318       0x74 /home/talha/STM32F429_FreeRTOS/build/main.o
                0x0000000008000318                USART6_IRQHandler
 .text.DMA1_Stream1_IRQHandler
                0x000000000800038c      0x100 /home/talha/STM32F429_FreeRTOS/build/main.o
                0x000000000800038c                DMA1_Stream1_IRQHandler
 .text.prvGetRegistersFromStack
                0x000000000800048c       0x3c /home/talha/STM32F429_FreeRTOS/build/main.o
                0x000000000800048c                prvGetRegistersFromStack
 .text.BufferCmp
                0x00000000080004c8       0x44 /home/talha/STM32F429_FreeRTOS/build/main.o
 .text.BufferSearch
                0x000000000800050c       0x54 /home/talha/STM32F429_FreeRTOS/build/main.o
 .text.GPIO_Config
                0x0000000008000560       0x40 /home/talha/STM32F429_FreeRTOS/build/main.o
                0x0000000008000560                GPIO_Config
 .text.vTask_parse
                0x00000000080005a0       0x8c /home/talha/STM32F429_FreeRTOS/build/main.o
                0x00000000080005a0                vTask_parse
 .text.vTask2   0x000000000800062c       0x5c /home/talha/STM32F429_FreeRTOS/build/main.o
                0x000000000800062c                vTask2
 .text.main     0x0000000008000688       0x70 /home/talha/STM32F429_FreeRTOS/build/main.o
                0x0000000008000688                main
 .text.vApplicationTickHook
                0x00000000080006f8       0x10 /home/talha/STM32F429_FreeRTOS/build/main.o
                0x00000000080006f8                vApplicationTickHook
 .text.vApplicationMallocFailedHook
                0x0000000008000708       0x1c /home/talha/STM32F429_FreeRTOS/build/main.o
                0x0000000008000708                vApplicationMallocFailedHook
 .text.vApplicationIdleHook
                0x0000000008000724       0x10 /home/talha/STM32F429_FreeRTOS/build/main.o
                0x0000000008000724                vApplicationIdleHook
 .text.vApplicationStackOverflowHook
                0x0000000008000734       0x20 /home/talha/STM32F429_FreeRTOS/build/main.o
                0x0000000008000734                vApplicationStackOverflowHook
 .text.USART3DMA_Config
                0x0000000008000754      0x18c /home/talha/STM32F429_FreeRTOS/build/stm32_hw.o
                0x0000000008000754                USART3DMA_Config
 .text.USART6_Config
                0x00000000080008e0       0xc8 /home/talha/STM32F429_FreeRTOS/build/stm32_hw.o
                0x00000000080008e0                USART6_Config
 .text.SystemInit
                0x00000000080009a8       0x6c /home/talha/STM32F429_FreeRTOS/build/system_stm32f4xx.o
                0x00000000080009a8                SystemInit
 .text.SetSysClock
                0x0000000008000a14      0x12c /home/talha/STM32F429_FreeRTOS/build/system_stm32f4xx.o
 .text.NMI_Handler
                0x0000000008000b40       0x10 /home/talha/STM32F429_FreeRTOS/build/stm32f4xx_it.o
                0x0000000008000b40                NMI_Handler
 .text.HardFault_Handler
                0x0000000008000b50       0x28 /home/talha/STM32F429_FreeRTOS/build/stm32f4xx_it.o
                0x0000000008000b50                HardFault_Handler
 .text.MemManage_Handler
                0x0000000008000b78        0x8 /home/talha/STM32F429_FreeRTOS/build/stm32f4xx_it.o
                0x0000000008000b78                MemManage_Handler
 .text.BusFault_Handler
                0x0000000008000b80        0x8 /home/talha/STM32F429_FreeRTOS/build/stm32f4xx_it.o
                0x0000000008000b80                BusFault_Handler
 .text.UsageFault_Handler
                0x0000000008000b88        0x8 /home/talha/STM32F429_FreeRTOS/build/stm32f4xx_it.o
                0x0000000008000b88                UsageFault_Handler
 .text.DebugMon_Handler
                0x0000000008000b90       0x10 /home/talha/STM32F429_FreeRTOS/build/stm32f4xx_it.o
                0x0000000008000b90                DebugMon_Handler
 .text.pxPortInitialiseStack
                0x0000000008000ba0       0x68 /home/talha/STM32F429_FreeRTOS/build/port.o
                0x0000000008000ba0                pxPortInitialiseStack
 .text.prvTaskExitError
                0x0000000008000c08       0x3c /home/talha/STM32F429_FreeRTOS/build/port.o
 *fill*         0x0000000008000c44        0xc 
 .text.SVC_Handler
                0x0000000008000c50       0x28 /home/talha/STM32F429_FreeRTOS/build/port.o
                0x0000000008000c50                SVC_Handler
 .text.prvPortStartFirstTask
                0x0000000008000c78       0x20 /home/talha/STM32F429_FreeRTOS/build/port.o
 .text.xPortStartScheduler
                0x0000000008000c98      0x118 /home/talha/STM32F429_FreeRTOS/build/port.o
                0x0000000008000c98                xPortStartScheduler
 .text.vPortEnterCritical
                0x0000000008000db0       0x5c /home/talha/STM32F429_FreeRTOS/build/port.o
                0x0000000008000db0                vPortEnterCritical
 .text.vPortExitCritical
                0x0000000008000e0c       0x50 /home/talha/STM32F429_FreeRTOS/build/port.o
                0x0000000008000e0c                vPortExitCritical
 *fill*         0x0000000008000e5c        0x4 
 .text.PendSV_Handler
                0x0000000008000e60       0x68 /home/talha/STM32F429_FreeRTOS/build/port.o
                0x0000000008000e60                PendSV_Handler
 .text.SysTick_Handler
                0x0000000008000ec8       0x40 /home/talha/STM32F429_FreeRTOS/build/port.o
                0x0000000008000ec8                SysTick_Handler
 .text.vPortSetupTimerInterrupt
                0x0000000008000f08       0x38 /home/talha/STM32F429_FreeRTOS/build/port.o
                0x0000000008000f08                vPortSetupTimerInterrupt
 .text.vPortEnableVFP
                0x0000000008000f40       0x14 /home/talha/STM32F429_FreeRTOS/build/port.o
 .text.vPortValidateInterruptPriority
                0x0000000008000f54       0x7c /home/talha/STM32F429_FreeRTOS/build/port.o
                0x0000000008000f54                vPortValidateInterruptPriority
 .text.vListInitialise
                0x0000000008000fd0       0x40 /home/talha/STM32F429_FreeRTOS/build/list.o
                0x0000000008000fd0                vListInitialise
 .text.vListInitialiseItem
                0x0000000008001010       0x1c /home/talha/STM32F429_FreeRTOS/build/list.o
                0x0000000008001010                vListInitialiseItem
 .text.vListInsertEnd
                0x000000000800102c       0x48 /home/talha/STM32F429_FreeRTOS/build/list.o
                0x000000000800102c                vListInsertEnd
 .text.vListInsert
                0x0000000008001074       0x74 /home/talha/STM32F429_FreeRTOS/build/list.o
                0x0000000008001074                vListInsert
 .text.uxListRemove
                0x00000000080010e8       0x54 /home/talha/STM32F429_FreeRTOS/build/list.o
                0x00000000080010e8                uxListRemove
 .text.xQueueGenericReset
                0x000000000800113c       0xd0 /home/talha/STM32F429_FreeRTOS/build/queue.o
                0x000000000800113c                xQueueGenericReset
 .text.xQueueGenericCreate
                0x000000000800120c       0x74 /home/talha/STM32F429_FreeRTOS/build/queue.o
                0x000000000800120c                xQueueGenericCreate
 .text.prvInitialiseNewQueue
                0x0000000008001280       0x40 /home/talha/STM32F429_FreeRTOS/build/queue.o
 .text.xQueueGenericSend
                0x00000000080012c0      0x1f4 /home/talha/STM32F429_FreeRTOS/build/queue.o
                0x00000000080012c0                xQueueGenericSend
 .text.xQueueGenericSendFromISR
                0x00000000080014b4      0x128 /home/talha/STM32F429_FreeRTOS/build/queue.o
                0x00000000080014b4                xQueueGenericSendFromISR
 .text.xQueueGiveFromISR
                0x00000000080015dc      0x114 /home/talha/STM32F429_FreeRTOS/build/queue.o
                0x00000000080015dc                xQueueGiveFromISR
 .text.xQueueGenericReceive
                0x00000000080016f0      0x224 /home/talha/STM32F429_FreeRTOS/build/queue.o
                0x00000000080016f0                xQueueGenericReceive
 .text.prvCopyDataToQueue
                0x0000000008001914       0xd4 /home/talha/STM32F429_FreeRTOS/build/queue.o
 .text.prvCopyDataFromQueue
                0x00000000080019e8       0x4c /home/talha/STM32F429_FreeRTOS/build/queue.o
 .text.prvUnlockQueue
                0x0000000008001a34       0xa4 /home/talha/STM32F429_FreeRTOS/build/queue.o
 .text.prvIsQueueEmpty
                0x0000000008001ad8       0x2c /home/talha/STM32F429_FreeRTOS/build/queue.o
 .text.prvIsQueueFull
                0x0000000008001b04       0x30 /home/talha/STM32F429_FreeRTOS/build/queue.o
 .text.vQueueAddToRegistry
                0x0000000008001b34       0x50 /home/talha/STM32F429_FreeRTOS/build/queue.o
                0x0000000008001b34                vQueueAddToRegistry
 .text.vQueueWaitForMessageRestricted
                0x0000000008001b84       0x68 /home/talha/STM32F429_FreeRTOS/build/queue.o
                0x0000000008001b84                vQueueWaitForMessageRestricted
 .text.xTaskCreate
                0x0000000008001bec       0x84 /home/talha/STM32F429_FreeRTOS/build/tasks.o
                0x0000000008001bec                xTaskCreate
 .text.prvInitialiseNewTask
                0x0000000008001c70       0xfc /home/talha/STM32F429_FreeRTOS/build/tasks.o
 .text.prvAddNewTaskToReadyList
                0x0000000008001d6c       0xd4 /home/talha/STM32F429_FreeRTOS/build/tasks.o
 .text.vTaskDelay
                0x0000000008001e40       0x68 /home/talha/STM32F429_FreeRTOS/build/tasks.o
                0x0000000008001e40                vTaskDelay
 .text.vTaskStartScheduler
                0x0000000008001ea8       0x98 /home/talha/STM32F429_FreeRTOS/build/tasks.o
                0x0000000008001ea8                vTaskStartScheduler
 .text.vTaskSuspendAll
                0x0000000008001f40       0x1c /home/talha/STM32F429_FreeRTOS/build/tasks.o
                0x0000000008001f40                vTaskSuspendAll
 .text.xTaskResumeAll
                0x0000000008001f5c      0x138 /home/talha/STM32F429_FreeRTOS/build/tasks.o
                0x0000000008001f5c                xTaskResumeAll
 .text.xTaskGetTickCount
                0x0000000008002094       0x20 /home/talha/STM32F429_FreeRTOS/build/tasks.o
                0x0000000008002094                xTaskGetTickCount
 .text.xTaskIncrementTick
                0x00000000080020b4      0x188 /home/talha/STM32F429_FreeRTOS/build/tasks.o
                0x00000000080020b4                xTaskIncrementTick
 .text.vTaskSwitchContext
                0x000000000800223c       0xd4 /home/talha/STM32F429_FreeRTOS/build/tasks.o
                0x000000000800223c                vTaskSwitchContext
 .text.vTaskPlaceOnEventList
                0x0000000008002310       0x48 /home/talha/STM32F429_FreeRTOS/build/tasks.o
                0x0000000008002310                vTaskPlaceOnEventList
 .text.vTaskPlaceOnEventListRestricted
                0x0000000008002358       0x54 /home/talha/STM32F429_FreeRTOS/build/tasks.o
                0x0000000008002358                vTaskPlaceOnEventListRestricted
 .text.xTaskRemoveFromEventList
                0x00000000080023ac       0xc4 /home/talha/STM32F429_FreeRTOS/build/tasks.o
                0x00000000080023ac                xTaskRemoveFromEventList
 .text.vTaskSetTimeOutState
                0x0000000008002470       0x48 /home/talha/STM32F429_FreeRTOS/build/tasks.o
                0x0000000008002470                vTaskSetTimeOutState
 .text.xTaskCheckForTimeOut
                0x00000000080024b8       0xbc /home/talha/STM32F429_FreeRTOS/build/tasks.o
                0x00000000080024b8                xTaskCheckForTimeOut
 .text.vTaskMissedYield
                0x0000000008002574       0x18 /home/talha/STM32F429_FreeRTOS/build/tasks.o
                0x0000000008002574                vTaskMissedYield
 .text.prvIdleTask
                0x000000000800258c       0x34 /home/talha/STM32F429_FreeRTOS/build/tasks.o
 .text.prvInitialiseTaskLists
                0x00000000080025c0       0x80 /home/talha/STM32F429_FreeRTOS/build/tasks.o
 .text.prvCheckTasksWaitingTermination
                0x0000000008002640       0x78 /home/talha/STM32F429_FreeRTOS/build/tasks.o
 .text.prvDeleteTCB
                0x00000000080026b8       0x20 /home/talha/STM32F429_FreeRTOS/build/tasks.o
 .text.prvResetNextTaskUnblockTime
                0x00000000080026d8       0x4c /home/talha/STM32F429_FreeRTOS/build/tasks.o
 .text.xTaskGetSchedulerState
                0x0000000008002724       0x3c /home/talha/STM32F429_FreeRTOS/build/tasks.o
                0x0000000008002724                xTaskGetSchedulerState
 .text.vTaskPriorityInherit
                0x0000000008002760       0xec /home/talha/STM32F429_FreeRTOS/build/tasks.o
                0x0000000008002760                vTaskPriorityInherit
 .text.xTaskPriorityDisinherit
                0x000000000800284c      0x108 /home/talha/STM32F429_FreeRTOS/build/tasks.o
                0x000000000800284c                xTaskPriorityDisinherit
 .text.pvTaskIncrementMutexHeldCount
                0x0000000008002954       0x28 /home/talha/STM32F429_FreeRTOS/build/tasks.o
                0x0000000008002954                pvTaskIncrementMutexHeldCount
 .text.prvAddCurrentTaskToDelayedList
                0x000000000800297c       0xcc /home/talha/STM32F429_FreeRTOS/build/tasks.o
 .text.xTimerCreateTimerTask
                0x0000000008002a48       0x64 /home/talha/STM32F429_FreeRTOS/build/timers.o
                0x0000000008002a48                xTimerCreateTimerTask
 .text.xTimerGenericCommand
                0x0000000008002aac       0x98 /home/talha/STM32F429_FreeRTOS/build/timers.o
                0x0000000008002aac                xTimerGenericCommand
 .text.prvProcessExpiredTimer
                0x0000000008002b44       0x80 /home/talha/STM32F429_FreeRTOS/build/timers.o
 .text.prvTimerTask
                0x0000000008002bc4       0x24 /home/talha/STM32F429_FreeRTOS/build/timers.o
 .text.prvProcessTimerOrBlockTask
                0x0000000008002be8       0x9c /home/talha/STM32F429_FreeRTOS/build/timers.o
 .text.prvGetNextExpireTime
                0x0000000008002c84       0x48 /home/talha/STM32F429_FreeRTOS/build/timers.o
 .text.prvSampleTimeNow
                0x0000000008002ccc       0x40 /home/talha/STM32F429_FreeRTOS/build/timers.o
 .text.prvInsertTimerInActiveList
                0x0000000008002d0c       0x84 /home/talha/STM32F429_FreeRTOS/build/timers.o
 .text.prvProcessReceivedCommands
                0x0000000008002d90      0x124 /home/talha/STM32F429_FreeRTOS/build/timers.o
 .text.prvSwitchTimerLists
                0x0000000008002eb4       0xc0 /home/talha/STM32F429_FreeRTOS/build/timers.o
 .text.prvCheckForValidListAndQueue
                0x0000000008002f74       0x6c /home/talha/STM32F429_FreeRTOS/build/timers.o
 .text.pvPortMalloc
                0x0000000008002fe0      0x18c /home/talha/STM32F429_FreeRTOS/build/heap_4.o
                0x0000000008002fe0                pvPortMalloc
 .text.vPortFree
                0x000000000800316c       0xb0 /home/talha/STM32F429_FreeRTOS/build/heap_4.o
                0x000000000800316c                vPortFree
 .text.prvHeapInit
                0x000000000800321c       0xc4 /home/talha/STM32F429_FreeRTOS/build/heap_4.o
 .text.prvInsertBlockIntoFreeList
                0x00000000080032e0       0xb4 /home/talha/STM32F429_FreeRTOS/build/heap_4.o
 .text.NVIC_PriorityGroupConfig
                0x0000000008003394       0x28 /home/talha/STM32F429_FreeRTOS/build/misc.o
                0x0000000008003394                NVIC_PriorityGroupConfig
 .text.NVIC_Init
                0x00000000080033bc       0xc4 /home/talha/STM32F429_FreeRTOS/build/misc.o
                0x00000000080033bc                NVIC_Init
 .text.DMA_Init
                0x0000000008003480       0xb0 /home/talha/STM32F429_FreeRTOS/build/stm32f4xx_dma.o
                0x0000000008003480                DMA_Init
 .text.DMA_StructInit
                0x0000000008003530       0x70 /home/talha/STM32F429_FreeRTOS/build/stm32f4xx_dma.o
                0x0000000008003530                DMA_StructInit
 .text.DMA_Cmd  0x00000000080035a0       0x38 /home/talha/STM32F429_FreeRTOS/build/stm32f4xx_dma.o
                0x00000000080035a0                DMA_Cmd
 .text.DMA_ITConfig
                0x00000000080035d8       0x74 /home/talha/STM32F429_FreeRTOS/build/stm32f4xx_dma.o
                0x00000000080035d8                DMA_ITConfig
 .text.USART_Init
                0x000000000800364c      0x174 /home/talha/STM32F429_FreeRTOS/build/stm32f4xx_usart.o
                0x000000000800364c                USART_Init
 .text.USART_Cmd
                0x00000000080037c0       0x40 /home/talha/STM32F429_FreeRTOS/build/stm32f4xx_usart.o
                0x00000000080037c0                USART_Cmd
 .text.USART_ReceiveData
                0x0000000008003800       0x20 /home/talha/STM32F429_FreeRTOS/build/stm32f4xx_usart.o
                0x0000000008003800                USART_ReceiveData
 .text.USART_DMACmd
                0x0000000008003820       0x48 /home/talha/STM32F429_FreeRTOS/build/stm32f4xx_usart.o
                0x0000000008003820                USART_DMACmd
 .text.USART_ITConfig
                0x0000000008003868       0x90 /home/talha/STM32F429_FreeRTOS/build/stm32f4xx_usart.o
                0x0000000008003868                USART_ITConfig
 .text.USART_GetITStatus
                0x00000000080038f8       0xb8 /home/talha/STM32F429_FreeRTOS/build/stm32f4xx_usart.o
                0x00000000080038f8                USART_GetITStatus
 .text.USART_ClearITPendingBit
                0x00000000080039b0       0x3c /home/talha/STM32F429_FreeRTOS/build/stm32f4xx_usart.o
                0x00000000080039b0                USART_ClearITPendingBit
 .text.RCC_GetClocksFreq
                0x00000000080039ec      0x154 /home/talha/STM32F429_FreeRTOS/build/stm32f4xx_rcc.o
                0x00000000080039ec                RCC_GetClocksFreq
 .text.RCC_AHB1PeriphClockCmd
                0x0000000008003b40       0x40 /home/talha/STM32F429_FreeRTOS/build/stm32f4xx_rcc.o
                0x0000000008003b40                RCC_AHB1PeriphClockCmd
 .text.RCC_APB1PeriphClockCmd
                0x0000000008003b80       0x40 /home/talha/STM32F429_FreeRTOS/build/stm32f4xx_rcc.o
                0x0000000008003b80                RCC_APB1PeriphClockCmd
 .text.RCC_APB2PeriphClockCmd
                0x0000000008003bc0       0x40 /home/talha/STM32F429_FreeRTOS/build/stm32f4xx_rcc.o
                0x0000000008003bc0                RCC_APB2PeriphClockCmd
 .text.GPIO_Init
                0x0000000008003c00      0x11c /home/talha/STM32F429_FreeRTOS/build/stm32f4xx_gpio.o
                0x0000000008003c00                GPIO_Init
 .text.GPIO_PinAFConfig
                0x0000000008003d1c       0x94 /home/talha/STM32F429_FreeRTOS/build/stm32f4xx_gpio.o
                0x0000000008003d1c                GPIO_PinAFConfig
 .text.Reset_Handler
                0x0000000008003db0       0x4c /home/talha/STM32F429_FreeRTOS/build/startup_stm32f429xx.o
                0x0000000008003db0                Reset_Handler
 .text.Default_Handler
                0x0000000008003dfc        0x2 /home/talha/STM32F429_FreeRTOS/build/startup_stm32f429xx.o
                0x0000000008003dfc                RTC_Alarm_IRQHandler
                0x0000000008003dfc                HASH_RNG_IRQHandler
                0x0000000008003dfc                EXTI2_IRQHandler
                0x0000000008003dfc                TIM8_CC_IRQHandler
                0x0000000008003dfc                UART8_IRQHandler
                0x0000000008003dfc                SPI4_IRQHandler
                0x0000000008003dfc                TIM1_CC_IRQHandler
                0x0000000008003dfc                DMA2_Stream5_IRQHandler
                0x0000000008003dfc                DMA1_Stream5_IRQHandler
                0x0000000008003dfc                PVD_IRQHandler
                0x0000000008003dfc                SDIO_IRQHandler
                0x0000000008003dfc                TAMP_STAMP_IRQHandler
                0x0000000008003dfc                CAN2_RX1_IRQHandler
                0x0000000008003dfc                EXTI3_IRQHandler
                0x0000000008003dfc                TIM8_TRG_COM_TIM14_IRQHandler
                0x0000000008003dfc                TIM1_UP_TIM10_IRQHandler
                0x0000000008003dfc                TIM8_UP_TIM13_IRQHandler
                0x0000000008003dfc                I2C3_ER_IRQHandler
                0x0000000008003dfc                EXTI0_IRQHandler
                0x0000000008003dfc                I2C2_EV_IRQHandler
                0x0000000008003dfc                DMA1_Stream2_IRQHandler
                0x0000000008003dfc                CAN1_RX0_IRQHandler
                0x0000000008003dfc                FPU_IRQHandler
                0x0000000008003dfc                OTG_HS_WKUP_IRQHandler
                0x0000000008003dfc                LTDC_ER_IRQHandler
                0x0000000008003dfc                CAN2_SCE_IRQHandler
                0x0000000008003dfc                DMA2_Stream2_IRQHandler
                0x0000000008003dfc                SPI1_IRQHandler
                0x0000000008003dfc                TIM6_DAC_IRQHandler
                0x0000000008003dfc                TIM1_BRK_TIM9_IRQHandler
                0x0000000008003dfc                DCMI_IRQHandler
                0x0000000008003dfc                CAN2_RX0_IRQHandler
                0x0000000008003dfc                DMA2_Stream3_IRQHandler
                0x0000000008003dfc                CAN1_RX1_IRQHandler
                0x0000000008003dfc                UART5_IRQHandler
                0x0000000008003dfc                DMA2_Stream0_IRQHandler
                0x0000000008003dfc                TIM4_IRQHandler
                0x0000000008003dfc                I2C1_EV_IRQHandler
                0x0000000008003dfc                DMA1_Stream6_IRQHandler
                0x0000000008003dfc                UART4_IRQHandler
                0x0000000008003dfc                TIM3_IRQHandler
                0x0000000008003dfc                RCC_IRQHandler
                0x0000000008003dfc                TIM8_BRK_TIM12_IRQHandler
                0x0000000008003dfc                Default_Handler
                0x0000000008003dfc                EXTI15_10_IRQHandler
                0x0000000008003dfc                ADC_IRQHandler
                0x0000000008003dfc                DMA1_Stream7_IRQHandler
                0x0000000008003dfc                SPI5_IRQHandler
                0x0000000008003dfc                TIM7_IRQHandler
                0x0000000008003dfc                CAN2_TX_IRQHandler
                0x0000000008003dfc                TIM5_IRQHandler
                0x0000000008003dfc                DMA2_Stream7_IRQHandler
                0x0000000008003dfc                I2C3_EV_IRQHandler
                0x0000000008003dfc                EXTI9_5_IRQHandler
                0x0000000008003dfc                RTC_WKUP_IRQHandler
                0x0000000008003dfc                LTDC_IRQHandler
                0x0000000008003dfc                ETH_WKUP_IRQHandler
                0x0000000008003dfc                SPI2_IRQHandler
                0x0000000008003dfc                OTG_HS_EP1_IN_IRQHandler
                0x0000000008003dfc                DMA1_Stream0_IRQHandler
                0x0000000008003dfc                CAN1_TX_IRQHandler
                0x0000000008003dfc                EXTI4_IRQHandler
                0x0000000008003dfc                ETH_IRQHandler
                0x0000000008003dfc                OTG_HS_EP1_OUT_IRQHandler
                0x0000000008003dfc                WWDG_IRQHandler
                0x0000000008003dfc                SPI6_IRQHandler
                0x0000000008003dfc                TIM2_IRQHandler
                0x0000000008003dfc                OTG_FS_WKUP_IRQHandler
                0x0000000008003dfc                TIM1_TRG_COM_TIM11_IRQHandler
                0x0000000008003dfc                OTG_HS_IRQHandler
                0x0000000008003dfc                DMA2D_IRQHandler
                0x0000000008003dfc                EXTI1_IRQHandler
                0x0000000008003dfc                UART7_IRQHandler
                0x0000000008003dfc                USART2_IRQHandler
                0x0000000008003dfc                I2C2_ER_IRQHandler
                0x0000000008003dfc                DMA2_Stream1_IRQHandler
                0x0000000008003dfc                CAN1_SCE_IRQHandler
                0x0000000008003dfc                FLASH_IRQHandler
                0x0000000008003dfc                DMA2_Stream4_IRQHandler
                0x0000000008003dfc                USART1_IRQHandler
                0x0000000008003dfc                OTG_FS_IRQHandler
                0x0000000008003dfc                SPI3_IRQHandler
                0x0000000008003dfc                DMA1_Stream4_IRQHandler
                0x0000000008003dfc                I2C1_ER_IRQHandler
                0x0000000008003dfc                FMC_IRQHandler
                0x0000000008003dfc                DMA2_Stream6_IRQHandler
                0x0000000008003dfc                SAI1_IRQHandler
                0x0000000008003dfc                DMA1_Stream3_IRQHandler
 *(.rodata .rodata.* .constdata .constdata.*)
 *fill*         0x0000000008003dfe        0x2 
 .rodata        0x0000000008003e00       0x1f /home/talha/STM32F429_FreeRTOS/build/main.o
 *fill*         0x0000000008003e1f        0x1 
 .rodata        0x0000000008003e20        0x5 /home/talha/STM32F429_FreeRTOS/build/tasks.o
 *fill*         0x0000000008003e25        0x3 
 .rodata        0x0000000008003e28        0xd /home/talha/STM32F429_FreeRTOS/build/timers.o
 *(vtable)
 *(.eh_frame*)
 *(.glue_7)
 .glue_7        0x0000000008003e35        0x0 linker stubs
 *(.glue_7t)
 .glue_7t       0x0000000008003e35        0x0 linker stubs

.vfp11_veneer   0x0000000008003e38        0x0
 .vfp11_veneer  0x0000000008003e38        0x0 linker stubs

.v4_bx          0x0000000008003e38        0x0
 .v4_bx         0x0000000008003e38        0x0 linker stubs

.iplt           0x0000000008003e38        0x0
 .iplt          0x0000000008003e38        0x0 /home/talha/STM32F429_FreeRTOS/build/main.o

.rel.dyn        0x0000000008003e38        0x0
 .rel.iplt      0x0000000008003e38        0x0 /home/talha/STM32F429_FreeRTOS/build/main.o

.ARM.extab
 *(.ARM.extab* .gnu.linkonce.armextab.*)
                0x0000000008003e38                . = ALIGN (0x4)
                0x0000000008003e38                __exidx_start = .

.ARM.exidx
 *(.ARM.exidx* .gnu.linkonce.armexidx.*)
                0x0000000008003e38                __exidx_end = .
                0x0000000008003e38                . = ALIGN (0x4)
                0x0000000008003e38                _etext = .
                0x0000000008003e38                __etext = .

.data_CCMRAM    0x0000000010000000        0x0 load address 0x0000000008003e38
 FILL mask 0xff
 *(.data.CCMRAM .data.CCMRAM.*)
                0x0000000010000000                . = ALIGN (0x4)
                0x0000000008003e38                _sidata = LOADADDR (.data)

.data           0x0000000020000000       0x18 load address 0x0000000008003e38
 FILL mask 0xff
                0x0000000020000000                _sdata = .
                0x0000000020000000                __data_start__ = .
 *(.data_begin .data_begin.*)
 *(.data .data.*)
 .data.SystemCoreClock
                0x0000000020000000        0x4 /home/talha/STM32F429_FreeRTOS/build/system_stm32f4xx.o
                0x0000000020000000                SystemCoreClock
 .data.uxCriticalNesting
                0x0000000020000004        0x4 /home/talha/STM32F429_FreeRTOS/build/port.o
 .data.APBAHBPrescTable
                0x0000000020000008       0x10 /home/talha/STM32F429_FreeRTOS/build/stm32f4xx_rcc.o
 *(.data_end .data_end.*)
                0x0000000020000018                . = ALIGN (0x4)
                0x0000000020000018                _edata = .
                0x0000000020000018                __data_end__ = .

.igot.plt       0x0000000020000018        0x0 load address 0x0000000008003e50
 .igot.plt      0x0000000020000018        0x0 /home/talha/STM32F429_FreeRTOS/build/main.o

.bss_CCMRAM     0x0000000010000000        0x0
 *(.bss.CCMRAM .bss.CCMRAM.*)

.bss            0x0000000020000018    0x12e8c
                0x0000000020000018                __bss_start__ = .
                0x0000000020000018                _sbss = .
 *(.bss_begin .bss_begin.*)
 *(.bss .bss.*)
 .bss.ucMaxSysCallPriority
                0x0000000020000018        0x1 /home/talha/STM32F429_FreeRTOS/build/port.o
 *fill*         0x0000000020000019        0x3 
 .bss.ulMaxPRIGROUPValue
                0x000000002000001c        0x4 /home/talha/STM32F429_FreeRTOS/build/port.o
 .bss.pxCurrentTCB
                0x0000000020000020        0x4 /home/talha/STM32F429_FreeRTOS/build/tasks.o
                0x0000000020000020                pxCurrentTCB
 .bss.pxReadyTasksLists
                0x0000000020000024       0x64 /home/talha/STM32F429_FreeRTOS/build/tasks.o
 .bss.xDelayedTaskList1
                0x0000000020000088       0x14 /home/talha/STM32F429_FreeRTOS/build/tasks.o
 .bss.xDelayedTaskList2
                0x000000002000009c       0x14 /home/talha/STM32F429_FreeRTOS/build/tasks.o
 .bss.pxDelayedTaskList
                0x00000000200000b0        0x4 /home/talha/STM32F429_FreeRTOS/build/tasks.o
 .bss.pxOverflowDelayedTaskList
                0x00000000200000b4        0x4 /home/talha/STM32F429_FreeRTOS/build/tasks.o
 .bss.xPendingReadyList
                0x00000000200000b8       0x14 /home/talha/STM32F429_FreeRTOS/build/tasks.o
 .bss.xTasksWaitingTermination
                0x00000000200000cc       0x14 /home/talha/STM32F429_FreeRTOS/build/tasks.o
 .bss.uxDeletedTasksWaitingCleanUp
                0x00000000200000e0        0x4 /home/talha/STM32F429_FreeRTOS/build/tasks.o
 .bss.xSuspendedTaskList
                0x00000000200000e4       0x14 /home/talha/STM32F429_FreeRTOS/build/tasks.o
 .bss.uxCurrentNumberOfTasks
                0x00000000200000f8        0x4 /home/talha/STM32F429_FreeRTOS/build/tasks.o
 .bss.xTickCount
                0x00000000200000fc        0x4 /home/talha/STM32F429_FreeRTOS/build/tasks.o
 .bss.uxTopReadyPriority
                0x0000000020000100        0x4 /home/talha/STM32F429_FreeRTOS/build/tasks.o
 .bss.xSchedulerRunning
                0x0000000020000104        0x4 /home/talha/STM32F429_FreeRTOS/build/tasks.o
 .bss.uxPendedTicks
                0x0000000020000108        0x4 /home/talha/STM32F429_FreeRTOS/build/tasks.o
 .bss.xYieldPending
                0x000000002000010c        0x4 /home/talha/STM32F429_FreeRTOS/build/tasks.o
 .bss.xNumOfOverflows
                0x0000000020000110        0x4 /home/talha/STM32F429_FreeRTOS/build/tasks.o
 .bss.uxTaskNumber
                0x0000000020000114        0x4 /home/talha/STM32F429_FreeRTOS/build/tasks.o
 .bss.xNextTaskUnblockTime
                0x0000000020000118        0x4 /home/talha/STM32F429_FreeRTOS/build/tasks.o
 .bss.xIdleTaskHandle
                0x000000002000011c        0x4 /home/talha/STM32F429_FreeRTOS/build/tasks.o
 .bss.uxSchedulerSuspended
                0x0000000020000120        0x4 /home/talha/STM32F429_FreeRTOS/build/tasks.o
 .bss.xActiveTimerList1
                0x0000000020000124       0x14 /home/talha/STM32F429_FreeRTOS/build/timers.o
 .bss.xActiveTimerList2
                0x0000000020000138       0x14 /home/talha/STM32F429_FreeRTOS/build/timers.o
 .bss.pxCurrentTimerList
                0x000000002000014c        0x4 /home/talha/STM32F429_FreeRTOS/build/timers.o
 .bss.pxOverflowTimerList
                0x0000000020000150        0x4 /home/talha/STM32F429_FreeRTOS/build/timers.o
 .bss.xTimerQueue
                0x0000000020000154        0x4 /home/talha/STM32F429_FreeRTOS/build/timers.o
 .bss.xTimerTaskHandle
                0x0000000020000158        0x4 /home/talha/STM32F429_FreeRTOS/build/timers.o
 .bss.xLastTime.5164
                0x000000002000015c        0x4 /home/talha/STM32F429_FreeRTOS/build/timers.o
 .bss.ucHeap    0x0000000020000160    0x12c00 /home/talha/STM32F429_FreeRTOS/build/heap_4.o
 .bss.xStart    0x0000000020012d60        0x8 /home/talha/STM32F429_FreeRTOS/build/heap_4.o
 .bss.pxEnd     0x0000000020012d68        0x4 /home/talha/STM32F429_FreeRTOS/build/heap_4.o
 .bss.xFreeBytesRemaining
                0x0000000020012d6c        0x4 /home/talha/STM32F429_FreeRTOS/build/heap_4.o
 .bss.xMinimumEverFreeBytesRemaining
                0x0000000020012d70        0x4 /home/talha/STM32F429_FreeRTOS/build/heap_4.o
 .bss.xBlockAllocatedBit
                0x0000000020012d74        0x4 /home/talha/STM32F429_FreeRTOS/build/heap_4.o
 *(COMMON)
 COMMON         0x0000000020012d78       0xec /home/talha/STM32F429_FreeRTOS/build/main.o
                0x0000000020012d78                synced
                0x0000000020012d79                reset
                0x0000000020012d7c                ticksms
                0x0000000020012d80                write_length
                0x0000000020012d84                parse_iter
                0x0000000020012d88                GPIOG_Init
                0x0000000020012d90                writes
                0x0000000020012d94                sync
                0x0000000020012d98                reads
                0x0000000020012d9c                parsebuffer
                0x0000000020012e1c                ticksled
                0x0000000020012e20                aRxBuffer
                0x0000000020012e60                parse
 COMMON         0x0000000020012e64       0x40 /home/talha/STM32F429_FreeRTOS/build/queue.o
                0x0000000020012e64                xQueueRegistry
 *(.bss_end .bss_end.*)
                0x0000000020012ea4                . = ALIGN (0x4)
                0x0000000020012ea4                __bss_end__ = .
                0x0000000020012ea4                _ebss = .

.noinit_CCMRAM
 *(.noinit.CCMRAM .noinit.CCMRAM.*)

.noinit         0x0000000020012ea4        0x0
                0x0000000020012ea4                _noinit = .
 *(.noinit .noinit.*)
                0x0000000020012ea4                . = ALIGN (0x4)
                0x0000000020012ea4                _end_noinit = .
                [!provide]                        PROVIDE (end, _end_noinit)
                [!provide]                        PROVIDE (_end, _end_noinit)
                [!provide]                        PROVIDE (__end, _end_noinit)
                [!provide]                        PROVIDE (__end__, _end_noinit)

._check_stack   0x0000000020012ea4      0x100
                0x0000000020012fa4                . = (. + _Minimum_Stack_Size)
 *fill*         0x0000000020012ea4      0x100 

.b1text
 *(.b1text)
 *(.b1rodata)
 *(.b1rodata.*)

.eb0text
 *(.eb0text)
 *(.eb0rodata)
 *(.eb0rodata.*)

.eb1text
 *(.eb1text)
 *(.eb1rodata)
 *(.eb1rodata.*)

.eb2text
 *(.eb2text)
 *(.eb2rodata)
 *(.eb2rodata.*)

.eb3text
 *(.eb3text)
 *(.eb3rodata)
 *(.eb3rodata.*)

.stab
 *(.stab)

.stabstr
 *(.stabstr)

.stab.excl
 *(.stab.excl)

.stab.exclstr
 *(.stab.exclstr)

.stab.index
 *(.stab.index)

.stab.indexstr
 *(.stab.indexstr)

.comment        0x0000000000000000       0x6e
 *(.comment)
 .comment       0x0000000000000000       0x6e /home/talha/STM32F429_FreeRTOS/build/main.o
                                         0x6f (size before relaxing)
 .comment       0x000000000000006e       0x6f /home/talha/STM32F429_FreeRTOS/build/stm32_hw.o
 .comment       0x000000000000006e       0x6f /home/talha/STM32F429_FreeRTOS/build/system_stm32f4xx.o
 .comment       0x000000000000006e       0x6f /home/talha/STM32F429_FreeRTOS/build/stm32f4xx_it.o
 .comment       0x000000000000006e       0x6f /home/talha/STM32F429_FreeRTOS/build/port.o
 .comment       0x000000000000006e       0x6f /home/talha/STM32F429_FreeRTOS/build/list.o
 .comment       0x000000000000006e       0x6f /home/talha/STM32F429_FreeRTOS/build/queue.o
 .comment       0x000000000000006e       0x6f /home/talha/STM32F429_FreeRTOS/build/tasks.o
 .comment       0x000000000000006e       0x6f /home/talha/STM32F429_FreeRTOS/build/timers.o
 .comment       0x000000000000006e       0x6f /home/talha/STM32F429_FreeRTOS/build/heap_4.o
 .comment       0x000000000000006e       0x6f /home/talha/STM32F429_FreeRTOS/build/misc.o
 .comment       0x000000000000006e       0x6f /home/talha/STM32F429_FreeRTOS/build/stm32f4xx_dma.o
 .comment       0x000000000000006e       0x6f /home/talha/STM32F429_FreeRTOS/build/stm32f4xx_usart.o
 .comment       0x000000000000006e       0x6f /home/talha/STM32F429_FreeRTOS/build/stm32f4xx_rcc.o
 .comment       0x000000000000006e       0x6f /home/talha/STM32F429_FreeRTOS/build/stm32f4xx_gpio.o

.ARM.attributes
                0x0000000000000000       0x37
 .ARM.attributes
                0x0000000000000000       0x37 /home/talha/STM32F429_FreeRTOS/build/main.o
 .ARM.attributes
                0x0000000000000037       0x37 /home/talha/STM32F429_FreeRTOS/build/stm32_hw.o
 .ARM.attributes
                0x000000000000006e       0x37 /home/talha/STM32F429_FreeRTOS/build/system_stm32f4xx.o
 .ARM.attributes
                0x00000000000000a5       0x37 /home/talha/STM32F429_FreeRTOS/build/stm32f4xx_it.o
 .ARM.attributes
                0x00000000000000dc       0x37 /home/talha/STM32F429_FreeRTOS/build/port.o
 .ARM.attributes
                0x0000000000000113       0x37 /home/talha/STM32F429_FreeRTOS/build/list.o
 .ARM.attributes
                0x000000000000014a       0x37 /home/talha/STM32F429_FreeRTOS/build/queue.o
 .ARM.attributes
                0x0000000000000181       0x37 /home/talha/STM32F429_FreeRTOS/build/tasks.o
 .ARM.attributes
                0x00000000000001b8       0x37 /home/talha/STM32F429_FreeRTOS/build/timers.o
 .ARM.attributes
                0x00000000000001ef       0x37 /home/talha/STM32F429_FreeRTOS/build/heap_4.o
 .ARM.attributes
                0x0000000000000226       0x37 /home/talha/STM32F429_FreeRTOS/build/misc.o
 .ARM.attributes
                0x000000000000025d       0x37 /home/talha/STM32F429_FreeRTOS/build/stm32f4xx_dma.o
 .ARM.attributes
                0x0000000000000294       0x37 /home/talha/STM32F429_FreeRTOS/build/stm32f4xx_usart.o
 .ARM.attributes
                0x00000000000002cb       0x37 /home/talha/STM32F429_FreeRTOS/build/stm32f4xx_rcc.o
 .ARM.attributes
                0x0000000000000302       0x37 /home/talha/STM32F429_FreeRTOS/build/stm32f4xx_gpio.o
 .ARM.attributes
                0x0000000000000339       0x21 /home/talha/STM32F429_FreeRTOS/build/startup_stm32f429xx.o

.debug
 *(.debug)

.line
 *(.line)

.debug_srcinfo
 *(.debug_srcinfo)

.debug_sfnames
 *(.debug_sfnames)

.debug_aranges  0x0000000000000000      0x9f8
 *(.debug_aranges)
 .debug_aranges
                0x0000000000000000       0xb8 /home/talha/STM32F429_FreeRTOS/build/main.o
 .debug_aranges
                0x00000000000000b8       0x28 /home/talha/STM32F429_FreeRTOS/build/stm32_hw.o
 .debug_aranges
                0x00000000000000e0       0x30 /home/talha/STM32F429_FreeRTOS/build/system_stm32f4xx.o
 .debug_aranges
                0x0000000000000110       0x48 /home/talha/STM32F429_FreeRTOS/build/stm32f4xx_it.o
 .debug_aranges
                0x0000000000000158       0x80 /home/talha/STM32F429_FreeRTOS/build/port.o
 .debug_aranges
                0x00000000000001d8       0x40 /home/talha/STM32F429_FreeRTOS/build/list.o
 .debug_aranges
                0x0000000000000218      0x100 /home/talha/STM32F429_FreeRTOS/build/queue.o
 .debug_aranges
                0x0000000000000318      0x1a0 /home/talha/STM32F429_FreeRTOS/build/tasks.o
 .debug_aranges
                0x00000000000004b8       0xb8 /home/talha/STM32F429_FreeRTOS/build/timers.o
 .debug_aranges
                0x0000000000000570       0x50 /home/talha/STM32F429_FreeRTOS/build/heap_4.o
 .debug_aranges
                0x00000000000005c0       0x40 /home/talha/STM32F429_FreeRTOS/build/misc.o
 .debug_aranges
                0x0000000000000600       0xb0 /home/talha/STM32F429_FreeRTOS/build/stm32f4xx_dma.o
 .debug_aranges
                0x00000000000006b0      0x100 /home/talha/STM32F429_FreeRTOS/build/stm32f4xx_usart.o
 .debug_aranges
                0x00000000000007b0      0x1c0 /home/talha/STM32F429_FreeRTOS/build/stm32f4xx_rcc.o
 .debug_aranges
                0x0000000000000970       0x88 /home/talha/STM32F429_FreeRTOS/build/stm32f4xx_gpio.o

.debug_pubnames
 *(.debug_pubnames)

.debug_info     0x0000000000000000     0x88d9
 *(.debug_info .gnu.linkonce.wi.*)
 .debug_info    0x0000000000000000      0xa59 /home/talha/STM32F429_FreeRTOS/build/main.o
 .debug_info    0x0000000000000a59      0x866 /home/talha/STM32F429_FreeRTOS/build/stm32_hw.o
 .debug_info    0x00000000000012bf      0x5ef /home/talha/STM32F429_FreeRTOS/build/system_stm32f4xx.o
 .debug_info    0x00000000000018ae      0x103 /home/talha/STM32F429_FreeRTOS/build/stm32f4xx_it.o
 .debug_info    0x00000000000019b1      0x503 /home/talha/STM32F429_FreeRTOS/build/port.o
 .debug_info    0x0000000000001eb4      0x29d /home/talha/STM32F429_FreeRTOS/build/list.o
 .debug_info    0x0000000000002151     0x135e /home/talha/STM32F429_FreeRTOS/build/queue.o
 .debug_info    0x00000000000034af     0x1a0d /home/talha/STM32F429_FreeRTOS/build/tasks.o
 .debug_info    0x0000000000004ebc      0xb53 /home/talha/STM32F429_FreeRTOS/build/timers.o
 .debug_info    0x0000000000005a0f      0x3e3 /home/talha/STM32F429_FreeRTOS/build/heap_4.o
 .debug_info    0x0000000000005df2      0x55a /home/talha/STM32F429_FreeRTOS/build/misc.o
 .debug_info    0x000000000000634c      0x745 /home/talha/STM32F429_FreeRTOS/build/stm32f4xx_dma.o
 .debug_info    0x0000000000006a91      0x9d6 /home/talha/STM32F429_FreeRTOS/build/stm32f4xx_usart.o
 .debug_info    0x0000000000007467      0xe51 /home/talha/STM32F429_FreeRTOS/build/stm32f4xx_rcc.o
 .debug_info    0x00000000000082b8      0x621 /home/talha/STM32F429_FreeRTOS/build/stm32f4xx_gpio.o

.debug_abbrev   0x0000000000000000     0x1817
 *(.debug_abbrev)
 .debug_abbrev  0x0000000000000000      0x2e2 /home/talha/STM32F429_FreeRTOS/build/main.o
 .debug_abbrev  0x00000000000002e2      0x12c /home/talha/STM32F429_FreeRTOS/build/stm32_hw.o
 .debug_abbrev  0x000000000000040e      0x138 /home/talha/STM32F429_FreeRTOS/build/system_stm32f4xx.o
 .debug_abbrev  0x0000000000000546       0x65 /home/talha/STM32F429_FreeRTOS/build/stm32f4xx_it.o
 .debug_abbrev  0x00000000000005ab      0x1cc /home/talha/STM32F429_FreeRTOS/build/port.o
 .debug_abbrev  0x0000000000000777       0xbe /home/talha/STM32F429_FreeRTOS/build/list.o
 .debug_abbrev  0x0000000000000835      0x224 /home/talha/STM32F429_FreeRTOS/build/queue.o
 .debug_abbrev  0x0000000000000a59      0x2a6 /home/talha/STM32F429_FreeRTOS/build/tasks.o
 .debug_abbrev  0x0000000000000cff      0x1d6 /home/talha/STM32F429_FreeRTOS/build/timers.o
 .debug_abbrev  0x0000000000000ed5      0x1d5 /home/talha/STM32F429_FreeRTOS/build/heap_4.o
 .debug_abbrev  0x00000000000010aa      0x149 /home/talha/STM32F429_FreeRTOS/build/misc.o
 .debug_abbrev  0x00000000000011f3      0x159 /home/talha/STM32F429_FreeRTOS/build/stm32f4xx_dma.o
 .debug_abbrev  0x000000000000134c      0x164 /home/talha/STM32F429_FreeRTOS/build/stm32f4xx_usart.o
 .debug_abbrev  0x00000000000014b0      0x1be /home/talha/STM32F429_FreeRTOS/build/stm32f4xx_rcc.o
 .debug_abbrev  0x000000000000166e      0x1a9 /home/talha/STM32F429_FreeRTOS/build/stm32f4xx_gpio.o

.debug_line     0x0000000000000000     0x3cc6
 *(.debug_line)
 .debug_line    0x0000000000000000      0x48b /home/talha/STM32F429_FreeRTOS/build/main.o
 .debug_line    0x000000000000048b      0x1dd /home/talha/STM32F429_FreeRTOS/build/stm32_hw.o
 .debug_line    0x0000000000000668      0x1a5 /home/talha/STM32F429_FreeRTOS/build/system_stm32f4xx.o
 .debug_line    0x000000000000080d      0x167 /home/talha/STM32F429_FreeRTOS/build/stm32f4xx_it.o
 .debug_line    0x0000000000000974      0x384 /home/talha/STM32F429_FreeRTOS/build/port.o
 .debug_line    0x0000000000000cf8      0x1b5 /home/talha/STM32F429_FreeRTOS/build/list.o
 .debug_line    0x0000000000000ead      0x929 /home/talha/STM32F429_FreeRTOS/build/queue.o
 .debug_line    0x00000000000017d6      0xc5b /home/talha/STM32F429_FreeRTOS/build/tasks.o
 .debug_line    0x0000000000002431      0x4a5 /home/talha/STM32F429_FreeRTOS/build/timers.o
 .debug_line    0x00000000000028d6      0x285 /home/talha/STM32F429_FreeRTOS/build/heap_4.o
 .debug_line    0x0000000000002b5b      0x186 /home/talha/STM32F429_FreeRTOS/build/misc.o
 .debug_line    0x0000000000002ce1      0x372 /home/talha/STM32F429_FreeRTOS/build/stm32f4xx_dma.o
 .debug_line    0x0000000000003053      0x412 /home/talha/STM32F429_FreeRTOS/build/stm32f4xx_usart.o
 .debug_line    0x0000000000003465      0x5a9 /home/talha/STM32F429_FreeRTOS/build/stm32f4xx_rcc.o
 .debug_line    0x0000000000003a0e      0x2b8 /home/talha/STM32F429_FreeRTOS/build/stm32f4xx_gpio.o

.debug_frame    0x0000000000000000     0x28ec
 *(.debug_frame)
 .debug_frame   0x0000000000000000      0x2c4 /home/talha/STM32F429_FreeRTOS/build/main.o
 .debug_frame   0x00000000000002c4       0x58 /home/talha/STM32F429_FreeRTOS/build/stm32_hw.o
 .debug_frame   0x000000000000031c       0x7c /home/talha/STM32F429_FreeRTOS/build/system_stm32f4xx.o
 .debug_frame   0x0000000000000398       0xb8 /home/talha/STM32F429_FreeRTOS/build/stm32f4xx_it.o
 .debug_frame   0x0000000000000450      0x19c /home/talha/STM32F429_FreeRTOS/build/port.o
 .debug_frame   0x00000000000005ec       0xd8 /home/talha/STM32F429_FreeRTOS/build/list.o
 .debug_frame   0x00000000000006c4      0x448 /home/talha/STM32F429_FreeRTOS/build/queue.o
 .debug_frame   0x0000000000000b0c      0x700 /home/talha/STM32F429_FreeRTOS/build/tasks.o
 .debug_frame   0x000000000000120c      0x2f0 /home/talha/STM32F429_FreeRTOS/build/timers.o
 .debug_frame   0x00000000000014fc      0x108 /home/talha/STM32F429_FreeRTOS/build/heap_4.o
 .debug_frame   0x0000000000001604       0xd8 /home/talha/STM32F429_FreeRTOS/build/misc.o
 .debug_frame   0x00000000000016dc      0x308 /home/talha/STM32F429_FreeRTOS/build/stm32f4xx_dma.o
 .debug_frame   0x00000000000019e4      0x490 /home/talha/STM32F429_FreeRTOS/build/stm32f4xx_usart.o
 .debug_frame   0x0000000000001e74      0x83c /home/talha/STM32F429_FreeRTOS/build/stm32f4xx_rcc.o
 .debug_frame   0x00000000000026b0      0x23c /home/talha/STM32F429_FreeRTOS/build/stm32f4xx_gpio.o

.debug_str      0x0000000000000000     0x3834
 *(.debug_str)
 .debug_str     0x0000000000000000      0x67d /home/talha/STM32F429_FreeRTOS/build/main.o
                                        0x715 (size before relaxing)
 .debug_str     0x000000000000067d      0x7ed /home/talha/STM32F429_FreeRTOS/build/stm32_hw.o
                                        0xbcd (size before relaxing)
 .debug_str     0x0000000000000e6a      0x1f1 /home/talha/STM32F429_FreeRTOS/build/system_stm32f4xx.o
                                        0x415 (size before relaxing)
 .debug_str     0x000000000000105b       0x9a /home/talha/STM32F429_FreeRTOS/build/stm32f4xx_it.o
                                        0x225 (size before relaxing)
 .debug_str     0x00000000000010f5      0x253 /home/talha/STM32F429_FreeRTOS/build/port.o
                                        0x443 (size before relaxing)
 .debug_str     0x0000000000001348      0x134 /home/talha/STM32F429_FreeRTOS/build/list.o
                                        0x2f5 (size before relaxing)
 .debug_str     0x000000000000147c      0x544 /home/talha/STM32F429_FreeRTOS/build/queue.o
                                        0x83b (size before relaxing)
 .debug_str     0x00000000000019c0      0x989 /home/talha/STM32F429_FreeRTOS/build/tasks.o
                                        0xd93 (size before relaxing)
 .debug_str     0x0000000000002349      0x422 /home/talha/STM32F429_FreeRTOS/build/timers.o
                                        0x733 (size before relaxing)
 .debug_str     0x000000000000276b      0x1d4 /home/talha/STM32F429_FreeRTOS/build/heap_4.o
                                        0x3dc (size before relaxing)
 .debug_str     0x000000000000293f      0x13d /home/talha/STM32F429_FreeRTOS/build/misc.o
                                        0x41e (size before relaxing)
 .debug_str     0x0000000000002a7c      0x236 /home/talha/STM32F429_FreeRTOS/build/stm32f4xx_dma.o
                                        0x592 (size before relaxing)
 .debug_str     0x0000000000002cb2      0x3d6 /home/talha/STM32F429_FreeRTOS/build/stm32f4xx_usart.o
                                        0x6df (size before relaxing)
 .debug_str     0x0000000000003088      0x636 /home/talha/STM32F429_FreeRTOS/build/stm32f4xx_rcc.o
                                        0xa04 (size before relaxing)
 .debug_str     0x00000000000036be      0x176 /home/talha/STM32F429_FreeRTOS/build/stm32f4xx_gpio.o
                                        0x4f0 (size before relaxing)

.debug_loc
 *(.debug_loc)

.debug_macinfo
 *(.debug_macinfo)

.debug_weaknames
 *(.debug_weaknames)

.debug_funcnames
 *(.debug_funcnames)

.debug_typenames
 *(.debug_typenames)

.debug_varnames
 *(.debug_varnames)
OUTPUT(/home/talha/STM32F429_FreeRTOS/build/ax2550.elf elf32-littlearm)

.debug_ranges   0x0000000000000000      0x920
 .debug_ranges  0x0000000000000000       0xc0 /home/talha/STM32F429_FreeRTOS/build/main.o
 .debug_ranges  0x00000000000000c0       0x18 /home/talha/STM32F429_FreeRTOS/build/stm32_hw.o
 .debug_ranges  0x00000000000000d8       0x20 /home/talha/STM32F429_FreeRTOS/build/system_stm32f4xx.o
 .debug_ranges  0x00000000000000f8       0x38 /home/talha/STM32F429_FreeRTOS/build/stm32f4xx_it.o
 .debug_ranges  0x0000000000000130       0x70 /home/talha/STM32F429_FreeRTOS/build/port.o
 .debug_ranges  0x00000000000001a0       0x30 /home/talha/STM32F429_FreeRTOS/build/list.o
 .debug_ranges  0x00000000000001d0       0xf0 /home/talha/STM32F429_FreeRTOS/build/queue.o
 .debug_ranges  0x00000000000002c0      0x190 /home/talha/STM32F429_FreeRTOS/build/tasks.o
 .debug_ranges  0x0000000000000450       0xa8 /home/talha/STM32F429_FreeRTOS/build/timers.o
 .debug_ranges  0x00000000000004f8       0x40 /home/talha/STM32F429_FreeRTOS/build/heap_4.o
 .debug_ranges  0x0000000000000538       0x30 /home/talha/STM32F429_FreeRTOS/build/misc.o
 .debug_ranges  0x0000000000000568       0xa0 /home/talha/STM32F429_FreeRTOS/build/stm32f4xx_dma.o
 .debug_ranges  0x0000000000000608       0xf0 /home/talha/STM32F429_FreeRTOS/build/stm32f4xx_usart.o
 .debug_ranges  0x00000000000006f8      0x1b0 /home/talha/STM32F429_FreeRTOS/build/stm32f4xx_rcc.o
 .debug_ranges  0x00000000000008a8       0x78 /home/talha/STM32F429_FreeRTOS/build/stm32f4xx_gpio.o
